// Jest Snapshot v1, https://goo.gl/fbAQLP

exports[`SprintUtils movedToDev 1`] = `2018-12-03T00:00:00.000Z`;
