// Jest Snapshot v1, https://goo.gl/fbAQLP

exports[`ApiMetricsService should return existing unchanged config 1`] = `
Array [
  Object {
    "config": Object {
      "fake": "config",
    },
    "shouldUpdateEntries": false,
  },
]
`;
